Skipping image OS validation for hb__1c189857b3ac0f41a6b7856e667fc23b: docker inspect returned 1
Parser warnings: - Extra text detected before JSON object
- Extra text detected after JSON object
Trajectory dumped to jobs/2026-09-10__03-51-55/cryptographic_agility_pqc_migrat__5eNUqqC/agent/trajectory.json
Trajectory dumped to jobs/2026-09-10__03-51-55/cryptographic_agility_pqc_migrat__5eNUqqC/agent/trajectory.json
Parser warnings: - Extra text detected before JSON object
- Extra text detected after JSON object
Trajectory dumped to jobs/2026-09-10__03-51-55/cryptographic_agility_pqc_migrat__5eNUqqC/agent/trajectory.json
Parser warnings: - Extra text detected before JSON object
- Extra text detected after JSON object
Trajectory dumped to jobs/2026-09-10__03-51-55/cryptographic_agility_pqc_migrat__5eNUqqC/agent/trajectory.json
Parser warnings: - Extra text detected before JSON object
- Extra text detected after JSON object
Trajectory dumped to jobs/2026-09-10__03-51-55/cryptographic_agility_pqc_migrat__5eNUqqC/agent/trajectory.json
Parser warnings: - Extra text detected before JSON object
- Extra text detected after JSON object
Trajectory dumped to jobs/2026-09-10__03-51-55/cryptographic_agility_pqc_migrat__5eNUqqC/agent/trajectory.json
Parser warnings: - Extra text detected before JSON object
- Extra text detected after JSON object
Trajectory dumped to jobs/2026-09-10__03-51-55/cryptographic_agility_pqc_migrat__5eNUqqC/agent/trajectory.json
Parser warnings: - Extra text detected before JSON object
- Extra text detected after JSON object
Trajectory dumped to jobs/2026-09-10__03-51-55/cryptographic_agility_pqc_migrat__5eNUqqC/agent/trajectory.json
Parser warnings: - Extra text detected before JSON object
- Extra text detected after JSON object
Trajectory dumped to jobs/2026-09-10__03-51-55/cryptographic_agility_pqc_migrat__5eNUqqC/agent/trajectory.json
Parser warnings: - Extra text detected before JSON object
- Extra text detected after JSON object
Trajectory dumped to jobs/2026-09-10__03-51-55/cryptographic_agility_pqc_migrat__5eNUqqC/agent/trajectory.json
Parser warnings: - Extra text detected before JSON object
- Extra text detected after JSON object
Trajectory dumped to jobs/2026-09-10__03-51-55/cryptographic_agility_pqc_migrat__5eNUqqC/agent/trajectory.json
Parser warnings: - Extra text detected before JSON object
- Extra text detected after JSON object
Trajectory dumped to jobs/2026-09-10__03-51-55/cryptographic_agility_pqc_migrat__5eNUqqC/agent/trajectory.json
Parser warnings: - Extra text detected before JSON object
- Extra text detected after JSON object
Trajectory dumped to jobs/2026-09-10__03-51-55/cryptographic_agility_pqc_migrat__5eNUqqC/agent/trajectory.json
Parser warnings: - Extra text detected before JSON object
- Extra text detected after JSON object
Trajectory dumped to jobs/2026-09-10__03-51-55/cryptographic_agility_pqc_migrat__5eNUqqC/agent/trajectory.json
Parser warnings: - Extra text detected before JSON object
- Extra text detected after JSON object
Trajectory dumped to jobs/2026-09-10__03-51-55/cryptographic_agility_pqc_migrat__5eNUqqC/agent/trajectory.json
Parser warnings: - Extra text detected before JSON object
- Extra text detected after JSON object
Trajectory dumped to jobs/2026-09-10__03-51-55/cryptographic_agility_pqc_migrat__5eNUqqC/agent/trajectory.json
Parser warnings: - Extra text detected before JSON object
- Extra text detected after JSON object
Trajectory dumped to jobs/2026-09-10__03-51-55/cryptographic_agility_pqc_migrat__5eNUqqC/agent/trajectory.json
Parser warnings: - Extra text detected before JSON object
- Extra text detected after JSON object
Trajectory dumped to jobs/2026-09-10__03-51-55/cryptographic_agility_pqc_migrat__5eNUqqC/agent/trajectory.json
Parser warnings: - Extra text detected before JSON object
- Extra text detected after JSON object
Trajectory dumped to jobs/2026-09-10__03-51-55/cryptographic_agility_pqc_migrat__5eNUqqC/agent/trajectory.json
Parser warnings: - Extra text detected before JSON object
- Extra text detected after JSON object
Trajectory dumped to jobs/2026-09-10__03-51-55/cryptographic_agility_pqc_migrat__5eNUqqC/agent/trajectory.json
Parser warnings: - Extra text detected before JSON object
- Extra text detected after JSON object
Trajectory dumped to jobs/2026-09-10__03-51-55/cryptographic_agility_pqc_migrat__5eNUqqC/agent/trajectory.json
Parser warnings: - No valid JSON object found
Parser warnings: - Extra text detected before JSON object
- Extra text detected after JSON object
Trajectory dumped to jobs/2026-09-10__03-51-55/cryptographic_agility_pqc_migrat__5eNUqqC/agent/trajectory.json
Parser warnings: - Extra text detected before JSON object
- Extra text detected after JSON object
Trajectory dumped to jobs/2026-09-10__03-51-55/cryptographic_agility_pqc_migrat__5eNUqqC/agent/trajectory.json
Parser warnings: - Extra text detected before JSON object
- Extra text detected after JSON object
Trajectory dumped to jobs/2026-09-10__03-51-55/cryptographic_agility_pqc_migrat__5eNUqqC/agent/trajectory.json
Parser warnings: - Extra text detected before JSON object
- Extra text detected after JSON object
Trajectory dumped to jobs/2026-09-10__03-51-55/cryptographic_agility_pqc_migrat__5eNUqqC/agent/trajectory.json
Trajectory dumped to jobs/2026-09-10__03-51-55/cryptographic_agility_pqc_migrat__5eNUqqC/agent/trajectory.json
Collecting main service artifacts
