Skipping image OS validation for hb__5dc756718dafb2bd7089d929eb686f2b: docker inspect returned 1
Parser warnings: - Extra text detected before JSON object
- Extra text detected after JSON object
Trajectory dumped to jobs/2026-09-10__03-51-55/runtime_virtual_patch_waf__rMV8UNv/agent/trajectory.json
Parser warnings: - Extra text detected before JSON object
- Extra text detected after JSON object
Trajectory dumped to jobs/2026-09-10__03-51-55/runtime_virtual_patch_waf__rMV8UNv/agent/trajectory.json
Parser warnings: - Extra text detected before JSON object
- Extra text detected after JSON object
Trajectory dumped to jobs/2026-09-10__03-51-55/runtime_virtual_patch_waf__rMV8UNv/agent/trajectory.json
Parser warnings: - Extra text detected before JSON object
- Extra text detected after JSON object
Trajectory dumped to jobs/2026-09-10__03-51-55/runtime_virtual_patch_waf__rMV8UNv/agent/trajectory.json
Parser warnings: - Extra text detected before JSON object
- Extra text detected after JSON object
Trajectory dumped to jobs/2026-09-10__03-51-55/runtime_virtual_patch_waf__rMV8UNv/agent/trajectory.json
Parser warnings: - Extra text detected before JSON object
- Extra text detected after JSON object
Trajectory dumped to jobs/2026-09-10__03-51-55/runtime_virtual_patch_waf__rMV8UNv/agent/trajectory.json
Parser warnings: - Extra text detected before JSON object
- Extra text detected after JSON object
Trajectory dumped to jobs/2026-09-10__03-51-55/runtime_virtual_patch_waf__rMV8UNv/agent/trajectory.json
Parser warnings: - Extra text detected before JSON object
- Extra text detected after JSON object
Trajectory dumped to jobs/2026-09-10__03-51-55/runtime_virtual_patch_waf__rMV8UNv/agent/trajectory.json
Parser warnings: - Extra text detected before JSON object
- Extra text detected after JSON object
Trajectory dumped to jobs/2026-09-10__03-51-55/runtime_virtual_patch_waf__rMV8UNv/agent/trajectory.json
Parser warnings: - Extra text detected before JSON object
- Extra text detected after JSON object
Trajectory dumped to jobs/2026-09-10__03-51-55/runtime_virtual_patch_waf__rMV8UNv/agent/trajectory.json
Parser warnings: - No valid JSON object found
Parser warnings: - Extra text detected before JSON object
- Extra text detected after JSON object
Trajectory dumped to jobs/2026-09-10__03-51-55/runtime_virtual_patch_waf__rMV8UNv/agent/trajectory.json
Parser warnings: - Extra text detected before JSON object
- Extra text detected after JSON object
Trajectory dumped to jobs/2026-09-10__03-51-55/runtime_virtual_patch_waf__rMV8UNv/agent/trajectory.json
Parser warnings: - Extra text detected before JSON object
- Extra text detected after JSON object
Trajectory dumped to jobs/2026-09-10__03-51-55/runtime_virtual_patch_waf__rMV8UNv/agent/trajectory.json
Parser warnings: - Extra text detected before JSON object
- Extra text detected after JSON object
Trajectory dumped to jobs/2026-09-10__03-51-55/runtime_virtual_patch_waf__rMV8UNv/agent/trajectory.json
Trajectory dumped to jobs/2026-09-10__03-51-55/runtime_virtual_patch_waf__rMV8UNv/agent/trajectory.json
Collecting main service artifacts
