Skipping image OS validation for hb__f0c6eb510796c87741f8db1827036207: docker inspect returned 1
Parser warnings: - Extra text detected before JSON object
- Extra text detected after JSON object
Trajectory dumped to jobs/2026-09-10__05-15-06/multi_artifact_forensic_eradicat__sRbyZqJ/agent/trajectory.json
Parser warnings: - Extra text detected before JSON object
- Extra text detected after JSON object
Trajectory dumped to jobs/2026-09-10__05-15-06/multi_artifact_forensic_eradicat__sRbyZqJ/agent/trajectory.json
Parser warnings: - Extra text detected before JSON object
- Extra text detected after JSON object
Trajectory dumped to jobs/2026-09-10__05-15-06/multi_artifact_forensic_eradicat__sRbyZqJ/agent/trajectory.json
Parser warnings: - Extra text detected before JSON object
- Extra text detected after JSON object
Trajectory dumped to jobs/2026-09-10__05-15-06/multi_artifact_forensic_eradicat__sRbyZqJ/agent/trajectory.json
Parser warnings: - Extra text detected before JSON object
- Extra text detected after JSON object
Parser warnings: - Extra text detected before JSON object
- Extra text detected after JSON object
Trajectory dumped to jobs/2026-09-10__05-15-06/multi_artifact_forensic_eradicat__sRbyZqJ/agent/trajectory.json
Parser warnings: - Extra text detected before JSON object
- Extra text detected after JSON object
Trajectory dumped to jobs/2026-09-10__05-15-06/multi_artifact_forensic_eradicat__sRbyZqJ/agent/trajectory.json
Parser warnings: - Extra text detected before JSON object
- Extra text detected after JSON object
Trajectory dumped to jobs/2026-09-10__05-15-06/multi_artifact_forensic_eradicat__sRbyZqJ/agent/trajectory.json
Trajectory dumped to jobs/2026-09-10__05-15-06/multi_artifact_forensic_eradicat__sRbyZqJ/agent/trajectory.json
Collecting main service artifacts
